temp                                                                                                                    PAGE 1
                         1
0000 020084              2                     ljmp    inicio
                         3
0003 208D03              4     ciclo:          JB      TF0,temp2
0006 020003              5                     ljmp    ciclo
                         6
0009 C28D                7     temp2:          clr     TF0
000B E8                  8                     mov     A,R0
000C 14                  9                     DEC     A
000D F8                 10                     mov     R0,A
000E 6009               11                     JZ      cero
0010 758C3C             12                     mov     TH0, #3CH
0013 758AAF             13                     mov     TL0, #0AFH
0016 020003             14                     ljmp ciclo
                        15
0019 E9                 16     cero:           mov     A,R1
001A 04                 17                     inc     A
001B F9                 18                     mov     R1,A
001C 943B               19                     subb    A,#3BH
001E 500E               20                     JNC     nocarry
0020 120041             21                     lcall   imprimir
0023 7814               22                     mov     R0,#14H
0025 758C3C             23                     mov     TH0, #3CH
0028 758AAF             24                     mov     TL0, #0AFH
002B 020003             25                     ljmp ciclo
                        26
002E EA                 27     nocarry:        mov     A,R2
002F 04                 28                     inc     A
0030 FA                 29                     mov     R2,A
0031 7900               30                     mov     R1,#00H
0033 120041             31                     lcall   imprimir
0036 7814               32                     mov     R0,#14H
0038 758C3C             33                     mov     TH0, #3CH
003B 758AAF             34                     mov     TL0, #0AFH
003E 020003             35                     ljmp ciclo
                        36
                        37
0041 759080             38     imprimir:       mov     P1,#80H
0044 120133             39                     lcall   de5ms
0047 8A60               40                     mov     60H,R2
0049 1200F4             41                     lcall   bitabcd
004C E553               42                     MOV     A,53H
004E 4430               43                     ORL     A,#30H
0050 D2B0               44                     setb    P3.0
0052 F590               45                     MOV     P1,A
0054 120133             46                     lcall   de5ms
0057 E554               47                     MOV     A,54H
0059 4430               48                     ORL     A,#30H
005B F590               49                     mov     P1,A
005D 120133             50                     lcall   de5ms
0060 75903A             51                     mov     P1,#3AH
0063 120133             52                     lcall   de5ms
0066 C2B0               53                     clr     P3.0
0068 8960               54                     MOV     60H,R1
006A 1200F4             55                     lcall   bitabcd
006D E553               56                     MOV     A,53H
006F 4430               57                     ORL     A,#30H
0071 D2B0               58                     setb    P3.0
0073 F590               59                     MOV     P1,A
0075 120133             60                     lcall   de5ms
0078 E554               61                     MOV     A,54H
007A 4430               62                     ORL     A,#30H
007C F590               63                     mov     P1,A
007E 120133             64                     lcall   de5ms
0081 C2B0               65                     clr     P3.0
0083 22                 66                     ret
                        67
0084 758909             68     inicio:         mov     TMOD, #09H
0087 D28C               69                     setb    TCON.4
                        70
0089 7814               71     pant:           mov     R0,#14H
008B C2B0               72                     CLR     P3.0
008D C2B1               73                     CLR     P3.1
008F C2B2               74                     CLR     P3.2
0091 756000             75                     mov     60H, #00H
0094 7900               76                     mov     R1,#00H
0096 7A00               77                     MOV     R2,#00H
0098 759038             78                     mov     P1,#38H
009B 120133             79                     lcall   de5ms
009E 759038             80                     mov     P1,#38H
00A1 120133             81                     lcall   de5ms
00A4 759038             82                     mov     P1,#38H
00A7 120133             83                     lcall   de5ms
00AA 759038             84                     mov     P1,#38H
00AD 120133             85                     lcall   de5ms
00B0 75900C             86                     mov     P1,#0CH
00B3 120133             87                     lcall   de5ms
00B6 759001             88                     mov     P1,#01H
00B9 120133             89                     lcall   de5ms
00BC 759006             90                     mov     P1,#06H
00BF 120133             91                     lcall   de5ms
00C2 759080             92                     mov     P1,#80H
00C5 120133             93                     lcall   de5ms
00C8 D2B0               94                     SETB    P3.0
00CA 759030             95                     mov     P1,#30H
00CD 120133             96                     lcall   de5ms
00D0 759030             97                     mov     P1,#30H
00D3 120133             98                     lcall   de5ms
00D6 75903A             99                     mov     P1,#3AH
00D9 120133            100                     lcall   de5ms
00DC 759030            101                     mov     P1,#30H
00DF 120133            102                     lcall   de5ms
00E2 759030            103                     mov     P1,#30H
00E5 120133            104                     lcall   de5ms
00E8 C2B0              105                     clr     p3.0
00EA C3                106                     clr     C
00EB 758C3C            107                     mov     TH0, #3Ch
00EE 758AAF            108                     mov     TL0, #0AFh
00F1 020003            109                     LJMP    CICLO
                       110
                       111
00F4 755200            112     bitabcd:        mov     52H,#00H
00F7 755300            113                     mov     53H,#00H
00FA 755400            114                     mov     54H,#00H
00FD E560              115     cien:           mov     A,60H
00FF C3                116                     CLR     C
0100 C2D6              117                     CLR     AC
0102 9464              118                     subb    A,#64H
0104 5005              119                     JNC     ncarry1
0106 2464              120                     ADD     A,#64H
0108 020116            121                     LJMP    diez
010B F560              122     ncarry1:        MOV     60H,A
010D E552              123                     MOV     A,52H
010F 2401              124                     ADD     A,#01H
0111 F552              125                     MOV     52H,A
0113 0200FD            126                     LJMP    cien
                       127
0116 E560              128     diez:           mov     A,60H
0118 C3                129                     CLR     C
0119 C2D6              130                     CLR     AC
011B 940A              131                     subb    A,#0AH
011D 5005              132                     JNC     ncarry2
011F 240A              133                     ADD     A,#0AH
0121 02012F            134                     LJMP    uno
0124 F560              135     ncarry2:        MOV     60H,A
0126 E553              136                     MOV     A,53H
0128 2401              137                     ADD     A,#01H
012A F553              138                     MOV     53H,A
012C 020116            139                     LJMP    diez
012F 856054            140     uno:            MOV     54H,60H
0132 22                141                     ret
                       142
                       143
                       144     de5ms:
0133 D2B1              145                     SETB    P3.1
0135 7F0A              146                     mov     R7, #0AH
0137 7EFA              147     aca:            mov     R6,#0FAH
0139 DEFE              148     aqui2:          DJNZ    R6, aqui2
013B DFFA              149                     DJNZ    R7, aca
013D C2B1              150                     CLR P3.1
013F 22                151                     RET
                       152
                       153
****WARNING:Missing`END'directive
ASSEMBLY COMPLETE, NO ERRORS FOUND, 1 WARNING


ERROR SUMMARY:
Line 153, WARNING:Missing`END'directive

SYMBOL TABLE:
??MCU_8051_IDE . . . . . . . . . . .  N  NUMB  8051H  NOT USED
??VERSION. . . . . . . . . . . . . .  N  NUMB  0149H  NOT USED
AC . . . . . . . . . . . . . . . . .  B  ADDR  00D6H
ACA. . . . . . . . . . . . . . . . .  C  ADDR  0137H
ACC. . . . . . . . . . . . . . . . .  D  ADDR  00E0H  NOT USED
ACSR . . . . . . . . . . . . . . . .  D  ADDR  0097H  NOT USED
ADCF . . . . . . . . . . . . . . . .  D  ADDR  00F6H  NOT USED
ADCLK. . . . . . . . . . . . . . . .  D  ADDR  00F2H  NOT USED
ADCON. . . . . . . . . . . . . . . .  D  ADDR  00F3H  NOT USED
ADDH . . . . . . . . . . . . . . . .  D  ADDR  00F5H  NOT USED
ADDL . . . . . . . . . . . . . . . .  D  ADDR  00F4H  NOT USED
AQUI2. . . . . . . . . . . . . . . .  C  ADDR  0139H
AUXR . . . . . . . . . . . . . . . .  D  ADDR  008EH  NOT USED
AUXR1. . . . . . . . . . . . . . . .  D  ADDR  00A2H  NOT USED
B. . . . . . . . . . . . . . . . . .  D  ADDR  00F0H  NOT USED
BDRCON . . . . . . . . . . . . . . .  D  ADDR  009BH  NOT USED
BDRCON_1 . . . . . . . . . . . . . .  D  ADDR  009CH  NOT USED
BITABCD. . . . . . . . . . . . . . .  C  ADDR  00F4H
BRL. . . . . . . . . . . . . . . . .  D  ADDR  009AH  NOT USED
CCAP0H . . . . . . . . . . . . . . .  D  ADDR  00FAH  NOT USED
CCAP0L . . . . . . . . . . . . . . .  D  ADDR  00EAH  NOT USED
CCAP1H . . . . . . . . . . . . . . .  D  ADDR  00FBH  NOT USED
CCAP1L . . . . . . . . . . . . . . .  D  ADDR  00EBH  NOT USED
CCAP2H . . . . . . . . . . . . . . .  D  ADDR  00FCH  NOT USED
CCAP3H . . . . . . . . . . . . . . .  D  ADDR  00FDH  NOT USED
CCAP4H . . . . . . . . . . . . . . .  D  ADDR  00FEH  NOT USED
CCAPL2H. . . . . . . . . . . . . . .  D  ADDR  00FCH  NOT USED
CCAPL2L. . . . . . . . . . . . . . .  D  ADDR  00ECH  NOT USED
CCAPL3H. . . . . . . . . . . . . . .  D  ADDR  00FDH  NOT USED
CCAPL3L. . . . . . . . . . . . . . .  D  ADDR  00EDH  NOT USED
CCAPL4H. . . . . . . . . . . . . . .  D  ADDR  00FEH  NOT USED
CCAPL4L. . . . . . . . . . . . . . .  D  ADDR  00EEH  NOT USED
CCAPM0 . . . . . . . . . . . . . . .  D  ADDR  00DAH  NOT USED
CCAPM1 . . . . . . . . . . . . . . .  D  ADDR  00DBH  NOT USED
CCAPM2 . . . . . . . . . . . . . . .  D  ADDR  00DCH  NOT USED
CCAPM3 . . . . . . . . . . . . . . .  D  ADDR  00DDH  NOT USED
CCAPM4 . . . . . . . . . . . . . . .  D  ADDR  00DEH  NOT USED
CCF0 . . . . . . . . . . . . . . . .  B  ADDR  00D8H  NOT USED
CCF1 . . . . . . . . . . . . . . . .  B  ADDR  00D9H  NOT USED
CCF2 . . . . . . . . . . . . . . . .  B  ADDR  00DAH  NOT USED
CCF3 . . . . . . . . . . . . . . . .  B  ADDR  00DBH  NOT USED
CCF4 . . . . . . . . . . . . . . . .  B  ADDR  00DCH  NOT USED
CCON . . . . . . . . . . . . . . . .  D  ADDR  00D8H  NOT USED
CERO . . . . . . . . . . . . . . . .  C  ADDR  0019H
CFINT. . . . . . . . . . . . . . . .  C  ADDR  0033H  NOT USED
CH . . . . . . . . . . . . . . . . .  D  ADDR  00F9H  NOT USED
CICLO. . . . . . . . . . . . . . . .  C  ADDR  0003H
CIEN . . . . . . . . . . . . . . . .  C  ADDR  00FDH
CKCON. . . . . . . . . . . . . . . .  D  ADDR  008FH  NOT USED
CKCON0 . . . . . . . . . . . . . . .  D  ADDR  008FH  NOT USED
CKRL . . . . . . . . . . . . . . . .  D  ADDR  0097H  NOT USED
CKSEL. . . . . . . . . . . . . . . .  D  ADDR  0085H  NOT USED
CL . . . . . . . . . . . . . . . . .  D  ADDR  00E9H  NOT USED
CLKREG . . . . . . . . . . . . . . .  D  ADDR  008FH  NOT USED
CMOD . . . . . . . . . . . . . . . .  D  ADDR  00D9H  NOT USED
CPRL2. . . . . . . . . . . . . . . .  B  ADDR  00C8H  NOT USED
CR . . . . . . . . . . . . . . . . .  B  ADDR  00DEH  NOT USED
CT2. . . . . . . . . . . . . . . . .  B  ADDR  00C9H  NOT USED
CY . . . . . . . . . . . . . . . . .  B  ADDR  00D7H  NOT USED
DE5MS. . . . . . . . . . . . . . . .  C  ADDR  0133H
DIEZ . . . . . . . . . . . . . . . .  C  ADDR  0116H
DP0H . . . . . . . . . . . . . . . .  D  ADDR  0083H  NOT USED
DP0L . . . . . . . . . . . . . . . .  D  ADDR  0082H  NOT USED
DP1H . . . . . . . . . . . . . . . .  D  ADDR  0085H  NOT USED
DP1L . . . . . . . . . . . . . . . .  D  ADDR  0084H  NOT USED
DPH. . . . . . . . . . . . . . . . .  D  ADDR  0083H  NOT USED
DPL. . . . . . . . . . . . . . . . .  D  ADDR  0082H  NOT USED
EA . . . . . . . . . . . . . . . . .  B  ADDR  00AFH  NOT USED
EC . . . . . . . . . . . . . . . . .  B  ADDR  00AEH  NOT USED
EECON. . . . . . . . . . . . . . . .  D  ADDR  0096H  NOT USED
ES . . . . . . . . . . . . . . . . .  B  ADDR  00ACH  NOT USED
ET0. . . . . . . . . . . . . . . . .  B  ADDR  00A9H  NOT USED
ET1. . . . . . . . . . . . . . . . .  B  ADDR  00ABH  NOT USED
ET2. . . . . . . . . . . . . . . . .  B  ADDR  00ADH  NOT USED
EX0. . . . . . . . . . . . . . . . .  B  ADDR  00A8H  NOT USED
EX1. . . . . . . . . . . . . . . . .  B  ADDR  00AAH  NOT USED
EXEN2. . . . . . . . . . . . . . . .  B  ADDR  00CBH  NOT USED
EXF2 . . . . . . . . . . . . . . . .  B  ADDR  00CEH  NOT USED
EXTI0. . . . . . . . . . . . . . . .  C  ADDR  0003H  NOT USED
EXTI1. . . . . . . . . . . . . . . .  C  ADDR  0013H  NOT USED
F0 . . . . . . . . . . . . . . . . .  B  ADDR  00D5H  NOT USED
FE . . . . . . . . . . . . . . . . .  B  ADDR  009FH  NOT USED
IE . . . . . . . . . . . . . . . . .  D  ADDR  00A8H  NOT USED
IE0. . . . . . . . . . . . . . . . .  B  ADDR  0089H  NOT USED
IE1. . . . . . . . . . . . . . . . .  B  ADDR  008BH  NOT USED
IMPRIMIR . . . . . . . . . . . . . .  C  ADDR  0041H
INICIO . . . . . . . . . . . . . . .  C  ADDR  0084H
INT0 . . . . . . . . . . . . . . . .  B  ADDR  00B2H  NOT USED
INT1 . . . . . . . . . . . . . . . .  B  ADDR  00B3H  NOT USED
IP . . . . . . . . . . . . . . . . .  D  ADDR  00B8H  NOT USED
IPH. . . . . . . . . . . . . . . . .  D  ADDR  00B7H  NOT USED
IPH0 . . . . . . . . . . . . . . . .  D  ADDR  00B7H  NOT USED
IPH1 . . . . . . . . . . . . . . . .  D  ADDR  00B3H  NOT USED
IPL0 . . . . . . . . . . . . . . . .  D  ADDR  00B8H  NOT USED
IPL1 . . . . . . . . . . . . . . . .  D  ADDR  00B2H  NOT USED
IT0. . . . . . . . . . . . . . . . .  B  ADDR  0088H  NOT USED
IT1. . . . . . . . . . . . . . . . .  B  ADDR  008AH  NOT USED
KBE. . . . . . . . . . . . . . . . .  D  ADDR  009DH  NOT USED
KBF. . . . . . . . . . . . . . . . .  D  ADDR  009EH  NOT USED
KBLS . . . . . . . . . . . . . . . .  D  ADDR  009CH  NOT USED
NCARRY1. . . . . . . . . . . . . . .  C  ADDR  010BH
NCARRY2. . . . . . . . . . . . . . .  C  ADDR  0124H
NOCARRY. . . . . . . . . . . . . . .  C  ADDR  002EH
OSCCON . . . . . . . . . . . . . . .  D  ADDR  0086H  NOT USED
OV . . . . . . . . . . . . . . . . .  B  ADDR  00D2H  NOT USED
P. . . . . . . . . . . . . . . . . .  B  ADDR  00D0H  NOT USED
P0 . . . . . . . . . . . . . . . . .  D  ADDR  0080H  NOT USED
P1 . . . . . . . . . . . . . . . . .  D  ADDR  0090H
P1M1 . . . . . . . . . . . . . . . .  D  ADDR  00D4H  NOT USED
P1M2 . . . . . . . . . . . . . . . .  D  ADDR  00E2H  NOT USED
P2 . . . . . . . . . . . . . . . . .  D  ADDR  00A0H  NOT USED
P3 . . . . . . . . . . . . . . . . .  D  ADDR  00B0H
P3M1 . . . . . . . . . . . . . . . .  D  ADDR  00D5H  NOT USED
P3M2 . . . . . . . . . . . . . . . .  D  ADDR  00E3H  NOT USED
P4 . . . . . . . . . . . . . . . . .  D  ADDR  00C0H  NOT USED
P4M1 . . . . . . . . . . . . . . . .  D  ADDR  00D6H  NOT USED
P4M2 . . . . . . . . . . . . . . . .  D  ADDR  00E4H  NOT USED
P5 . . . . . . . . . . . . . . . . .  D  ADDR  00E8H  NOT USED
PANT . . . . . . . . . . . . . . . .  C  ADDR  0089H  NOT USED
PC . . . . . . . . . . . . . . . . .  B  ADDR  00BEH  NOT USED
PCON . . . . . . . . . . . . . . . .  D  ADDR  0087H  NOT USED
PPCL . . . . . . . . . . . . . . . .  B  ADDR  00BEH  NOT USED
PS . . . . . . . . . . . . . . . . .  B  ADDR  00BCH  NOT USED
PSL. . . . . . . . . . . . . . . . .  B  ADDR  00BCH  NOT USED
PSW. . . . . . . . . . . . . . . . .  D  ADDR  00D0H  NOT USED
PT0. . . . . . . . . . . . . . . . .  B  ADDR  00B9H  NOT USED
PT0L . . . . . . . . . . . . . . . .  B  ADDR  00B9H  NOT USED
PT1. . . . . . . . . . . . . . . . .  B  ADDR  00BBH  NOT USED
PT1L . . . . . . . . . . . . . . . .  B  ADDR  00BBH  NOT USED
PT2. . . . . . . . . . . . . . . . .  B  ADDR  00BDH  NOT USED
PT2L . . . . . . . . . . . . . . . .  B  ADDR  00BDH  NOT USED
PX0. . . . . . . . . . . . . . . . .  B  ADDR  00B8H  NOT USED
PX0L . . . . . . . . . . . . . . . .  B  ADDR  00B8H  NOT USED
PX1. . . . . . . . . . . . . . . . .  B  ADDR  00BAH  NOT USED
PX1L . . . . . . . . . . . . . . . .  B  ADDR  00BAH  NOT USED
RB8. . . . . . . . . . . . . . . . .  B  ADDR  009AH  NOT USED
RCAP2H . . . . . . . . . . . . . . .  D  ADDR  00CBH  NOT USED
RCAP2L . . . . . . . . . . . . . . .  D  ADDR  00CAH  NOT USED
RCLK . . . . . . . . . . . . . . . .  B  ADDR  00CDH  NOT USED
RD . . . . . . . . . . . . . . . . .  B  ADDR  00B7H  NOT USED
REN. . . . . . . . . . . . . . . . .  B  ADDR  009CH  NOT USED
RESET. . . . . . . . . . . . . . . .  C  ADDR  0000H  NOT USED
RI . . . . . . . . . . . . . . . . .  B  ADDR  0098H  NOT USED
RS0. . . . . . . . . . . . . . . . .  B  ADDR  00D3H  NOT USED
RS1. . . . . . . . . . . . . . . . .  B  ADDR  00D4H  NOT USED
RXD. . . . . . . . . . . . . . . . .  B  ADDR  00B0H  NOT USED
SADDR. . . . . . . . . . . . . . . .  D  ADDR  00A9H  NOT USED
SADDR_0. . . . . . . . . . . . . . .  D  ADDR  00A9H  NOT USED
SADDR_1. . . . . . . . . . . . . . .  D  ADDR  00AAH  NOT USED
SADEN. . . . . . . . . . . . . . . .  D  ADDR  00B9H  NOT USED
SADEN_0. . . . . . . . . . . . . . .  D  ADDR  00B9H  NOT USED
SADEN_1. . . . . . . . . . . . . . .  D  ADDR  00BAH  NOT USED
SBUF . . . . . . . . . . . . . . . .  D  ADDR  0099H  NOT USED
SCON . . . . . . . . . . . . . . . .  D  ADDR  0098H  NOT USED
SINT . . . . . . . . . . . . . . . .  C  ADDR  0023H  NOT USED
SM0. . . . . . . . . . . . . . . . .  B  ADDR  009FH  NOT USED
SM1. . . . . . . . . . . . . . . . .  B  ADDR  009EH  NOT USED
SM2. . . . . . . . . . . . . . . . .  B  ADDR  009DH  NOT USED
SP . . . . . . . . . . . . . . . . .  D  ADDR  0081H  NOT USED
SPCON. . . . . . . . . . . . . . . .  D  ADDR  00C3H  NOT USED
SPCR . . . . . . . . . . . . . . . .  D  ADDR  00D5H  NOT USED
SPDAT. . . . . . . . . . . . . . . .  D  ADDR  00C5H  NOT USED
SPDR . . . . . . . . . . . . . . . .  D  ADDR  0086H  NOT USED
SPSR . . . . . . . . . . . . . . . .  D  ADDR  00AAH  NOT USED
SPSTA. . . . . . . . . . . . . . . .  D  ADDR  00C4H  NOT USED
T0 . . . . . . . . . . . . . . . . .  B  ADDR  00B4H  NOT USED
T1 . . . . . . . . . . . . . . . . .  B  ADDR  00B5H  NOT USED
T2CON. . . . . . . . . . . . . . . .  D  ADDR  00C8H  NOT USED
T2MOD. . . . . . . . . . . . . . . .  D  ADDR  00C9H  NOT USED
TB8. . . . . . . . . . . . . . . . .  B  ADDR  009BH  NOT USED
TCLK . . . . . . . . . . . . . . . .  B  ADDR  00CCH  NOT USED
TCON . . . . . . . . . . . . . . . .  D  ADDR  0088H
TEMP2. . . . . . . . . . . . . . . .  C  ADDR  0009H
TF0. . . . . . . . . . . . . . . . .  B  ADDR  008DH
TF1. . . . . . . . . . . . . . . . .  B  ADDR  008FH  NOT USED
TF2. . . . . . . . . . . . . . . . .  B  ADDR  00CFH  NOT USED
TH0. . . . . . . . . . . . . . . . .  D  ADDR  008CH
TH1. . . . . . . . . . . . . . . . .  D  ADDR  008DH  NOT USED
TH2. . . . . . . . . . . . . . . . .  D  ADDR  00CDH  NOT USED
TI . . . . . . . . . . . . . . . . .  B  ADDR  0099H  NOT USED
TIMER0 . . . . . . . . . . . . . . .  C  ADDR  000BH  NOT USED
TIMER1 . . . . . . . . . . . . . . .  C  ADDR  001BH  NOT USED
TIMER2 . . . . . . . . . . . . . . .  C  ADDR  002BH  NOT USED
TL0. . . . . . . . . . . . . . . . .  D  ADDR  008AH
TL1. . . . . . . . . . . . . . . . .  D  ADDR  008BH  NOT USED
TL2. . . . . . . . . . . . . . . . .  D  ADDR  00CCH  NOT USED
TMOD . . . . . . . . . . . . . . . .  D  ADDR  0089H
TR0. . . . . . . . . . . . . . . . .  B  ADDR  008CH  NOT USED
TR1. . . . . . . . . . . . . . . . .  B  ADDR  008EH  NOT USED
TR2. . . . . . . . . . . . . . . . .  B  ADDR  00CAH  NOT USED
TXD. . . . . . . . . . . . . . . . .  B  ADDR  00B1H  NOT USED
UNO. . . . . . . . . . . . . . . . .  C  ADDR  012FH
WDTCON . . . . . . . . . . . . . . .  D  ADDR  00A7H  NOT USED
WDTPRG . . . . . . . . . . . . . . .  D  ADDR  00A7H  NOT USED
WDTRST . . . . . . . . . . . . . . .  D  ADDR  00A6H  NOT USED
WR . . . . . . . . . . . . . . . . .  B  ADDR  00B6H  NOT USED